MAP
NAME TEST
STATUS ON
SIZE 256 256
EXTENT ${minLatitude} ${minLongitude} ${maxLatitude} ${maxLongitude}
UNITS METERS
IMAGECOLOR 255 255 255
IMAGETYPE PNG24
TRANSPARENT TRUE
FONTSET "D:/Workspace/seismap/src/main/mapserver/fonts/fonts.list"
CONFIG	"PROJ_LIB" "D:/Workspace/seismap/src/main/mapserver/nad/" 
CONFIG "MS_ERRORFILE" "d:/temp/errormap.log"
CONFIG "ON_MISSING_DATA" "LOG"
CONFIG "CPL_DEBUG" "ON"
CONFIG "PROJ_DEBUG" "ON"

DEBUG 5
 WEB
   IMAGEPATH "D:/temp/datos/temp"
   IMAGEURL "D:/temp/datos/temp"
 END
 
 LEGEND
   TRANSPARENT TRUE
 END

 SCALEBAR
   TRANSPARENT TRUE
 END
SYMBOL
  NAME "circle"
  TYPE ellipse
  FILLED true
  POINTS
    2 2
  END
END

LAYER
    CONNECTIONTYPE postgis
    CONNECTION "host=localhost dbname=postgis user=postgres password=postgres port=5432"
    DATA "location FROM event USING UNIQUE oid USING SRID=4326"
    NAME "event"
    TYPE POINT
    STATUS ON
    LABELITEM "id"
    CLASS
        SIZE 10
        STYLE
            COLOR 255 255 0
            OUTLINECOLOR 0 0 0
            SYMBOL "circle"
        END
        TEXT ([id], [depth])
        LABEL
            COLOR 255 255 0
            FONT verdana
                TYPE TRUETYPE
                SIZE 7
                POSITION LC
                WRAP " "
            END
        END
    END
    #PROJECTION
    #    "init=epsg:4326"
    #END
END


OUTPUTFORMAT
	NAME "PNG_mapscript"
	DRIVER AGG/PNG
	IMAGEMODE RGBA
	MIMETYPE "image/png; mode=24bit"
	EXTENSION PNG
	TRANSPARENT TRUE
	#FORMATOPTION "QUANTIZE_FORCE=on"
	#FORMATOPTION "QUANTIZE_DITHER=off"
	#FORMATOPTION "QUANTIZE_COLORS=256"
END